
> backend@1.0.0 test
> cross-env NODE_ENV=test node --experimental-vm-modules node_modules/jest/bin/jest.js src/tests/auth.test.js


--- Jest Global Setup: Initializing Test Database ---
Dropping existing database: music_calendar_test...
Creating fresh database: music_calendar_test...
Running schema migration on music_calendar_test...
Base schema executed.
node.exe : Test DB Schema run failed: error: 
relation "events" does not exist
At line:1 char:1
+ & "C:\Program Files\nodejs/node.exe" "C:\Program 
Files\nodejs/node_mo ...
+ ~~~~~~~~~~~~~~~~~~~~~~~~~~~~~~~~~~~~~~~~~~~~~~~~~~
~~~~~~~~~~~~~~~~~~~
    + CategoryInfo          : NotSpecified: (Test D 
   B Schema ... does not exist:String) [], RemoteE  
  xception
    + FullyQualifiedErrorId : NativeCommandError
 
    at C:\Users\91704\music-calendar\backend\node_mo
dules\pg-pool\index.js:45:11
    at process.processTicksAndRejections 
(node:internal/process/task_queues:105:5)
    at async default (file:///C:/Users/91704/music-c
alendar/backend/src/tests/setup.js:50:13)
    at async C:\Users\91704\music-calendar\backend\n
ode_modules\@jest\core\build\index.js:3161:11
    at async waitForPromiseWithCleanup (C:\Users\917
04\music-calendar\backend\node_modules\@jest\transfo
rm\build\index.js:134:5)
    at async 
ScriptTransformer.requireAndTranspileModule (C:\User
s\91704\music-calendar\backend\node_modules\@jest\tr
ansform\build\index.js:618:16)
    at async runGlobalHook (C:\Users\91704\music-cal
endar\backend\node_modules\@jest\core\build\index.js
:3157:9)
    at async runJest (C:\Users\91704\music-calendar\
backend\node_modules\@jest\core\build\index.js:3424:
5)
    at async _run10000 (C:\Users\91704\music-calenda
r\backend\node_modules\@jest\core\build\index.js:153
8:5)
    at async runCLI (C:\Users\91704\music-calendar\b
ackend\node_modules\@jest\core\build\index.js:1439:3
) {
  length: 104,
  severity: 'ERROR',
  code: '42P01',
  detail: undefined,
  hint: undefined,
  position: undefined,
  internalPosition: undefined,
  internalQuery: undefined,
  where: undefined,
  schema: undefined,
  table: undefined,
  column: undefined,
  dataType: undefined,
  constraint: undefined,
  file: 'namespace.c',
  line: '433',
  routine: 'RangeVarGetRelidExtended'
}
(node:1272) ExperimentalWarning: VM Modules is an 
experimental feature and might change at any time
(Use `node --trace-warnings ...` to show where the 
warning was created)
  console.error
    Error registering user: error: column "refresh_token" of relation "users" does not exist
        at C:\Users\91704\music-calendar\backend\node_modules\pg-pool\index.js:45:11
        at processTicksAndRejections (node:internal/process/task_queues:105:5)
        at query (C:\Users\91704\music-calendar\backend\src\config\database.js:30:15)
        at register (C:\Users\91704\music-calendar\backend\src\controllers\authController.js:64:24) {
      length: 131,
      severity: 'ERROR',
      code: '42703',
      detail: undefined,
      hint: undefined,
      position: '55',
      internalPosition: undefined,
      internalQuery: undefined,
      where: undefined,
      schema: undefined,
      table: undefined,
      column: undefined,
      dataType: undefined,
      constraint: undefined,
      file: 'parse_target.c',
      line: '1075',
      routine: 'checkInsertTargets'
    }

    [0m [90m 73 |[39m         res[33m.[39mstatus([35m201[39m)[33m.[39mjson({ user })[33m;[39m
     [90m 74 |[39m     } [36mcatch[39m (err) {
    [31m[1m>[22m[39m[90m 75 |[39m         console[33m.[39merror([32m'Error registering user:'[39m[33m,[39m err)[33m;[39m
     [90m    |[39m                 [31m[1m^[22m[39m
     [90m 76 |[39m         res[33m.[39mstatus([35m500[39m)[33m.[39mjson({ error[33m:[39m [32m'Internal server error'[39m })[33m;[39m
     [90m 77 |[39m     }
     [90m 78 |[39m }[33m;[39m[0m

      at register (src/controllers/authController.js:75:17)

  console.error
    Error registering user: error: column "refresh_token" of relation "users" does not exist
        at C:\Users\91704\music-calendar\backend\node_modules\pg-pool\index.js:45:11
        at processTicksAndRejections (node:internal/process/task_queues:105:5)
        at query (C:\Users\91704\music-calendar\backend\src\config\database.js:30:15)
        at register (C:\Users\91704\music-calendar\backend\src\controllers\authController.js:64:24) {
      length: 131,
      severity: 'ERROR',
      code: '42703',
      detail: undefined,
      hint: undefined,
      position: '55',
      internalPosition: undefined,
      internalQuery: undefined,
      where: undefined,
      schema: undefined,
      table: undefined,
      column: undefined,
      dataType: undefined,
      constraint: undefined,
      file: 'parse_target.c',
      line: '1075',
      routine: 'checkInsertTargets'
    }

    [0m [90m 73 |[39m         res[33m.[39mstatus([35m201[39m)[33m.[39mjson({ user })[33m;[39m
     [90m 74 |[39m     } [36mcatch[39m (err) {
    [31m[1m>[22m[39m[90m 75 |[39m         console[33m.[39merror([32m'Error registering user:'[39m[33m,[39m err)[33m;[39m
     [90m    |[39m                 [31m[1m^[22m[39m
     [90m 76 |[39m         res[33m.[39mstatus([35m500[39m)[33m.[39mjson({ error[33m:[39m [32m'Internal server error'[39m })[33m;[39m
     [90m 77 |[39m     }
     [90m 78 |[39m }[33m;[39m[0m

      at register (src/controllers/authController.js:75:17)

FAIL src/tests/auth.test.js
  Auth API Routes
    POST /api/auth/register
      ├ù should register a new user with valid 
inputs (139 ms)
      ΓêÜ should fail with invalid email (6 ms)
      ΓêÜ should fail if password is too short (4 
ms)
      ├ù should block duplicate email registration 
(141 ms)
    POST /api/auth/login
      ├ù should login an existing user (17 ms)
      ├ù should fail login with wrong password (5 
ms)
      ├ù should fail login with non-existent email 
(5 ms)

  ΓùÅ Auth API Routes ΓÇ║ POST /api/auth/register 
ΓÇ║ should register a new user with valid inputs

    expect(received).toEqual(expected) // deep 
equality

    Expected: 201
    Received: 500

    [0m [90m 30 |[39m                     
password[33m:[39m [32m'password123'[39m
     [90m 31 |[39m                 })[33m;[39m
    [31m[1m>[22m[39m[90m 32 |[39m             
expect(res[33m.[39mstatusCode)[33m.[39mtoEqual(
[35m201[39m)[33m;[39m
     [90m    |[39m                                
    [31m[1m^[22m[39m
     [90m 33 |[39m             expect(res[33m.[3
9mbody)[33m.[39mtoHaveProperty([32m'user'[39m)[
33m;[39m
     [90m 34 |[39m             expect(res[33m.[3
9mbody[33m.[39muser)[33m.[39mtoHaveProperty([32
m'email'[39m[33m,[39m 
[32m'testauth@example.com'[39m)[33m;[39m
     [90m 35 |[39m         })[33m;[39m[0m

      at Object.<anonymous> 
(src/tests/auth.test.js:32:36)

  ΓùÅ Auth API Routes ΓÇ║ POST /api/auth/register 
ΓÇ║ should block duplicate email registration

    expect(received).toEqual(expected) // deep 
equality

    Expected: 409
    Received: 500

    [0m [90m 68 |[39m                     
password[33m:[39m [32m'password123'[39m
     [90m 69 |[39m                 })[33m;[39m
    [31m[1m>[22m[39m[90m 70 |[39m             
expect(res[33m.[39mstatusCode)[33m.[39mtoEqual(
[35m409[39m)[33m;[39m
     [90m    |[39m                                
    [31m[1m^[22m[39m
     [90m 71 |[39m             expect(res[33m.[3
9mbody[33m.[39merror)[33m.[39mtoEqual([32m'Emai
l already in use'[39m)[33m;[39m
     [90m 72 |[39m         })[33m;[39m
     [90m 73 |[39m     })[33m;[39m[0m

      at Object.<anonymous> 
(src/tests/auth.test.js:70:36)

  ΓùÅ Auth API Routes ΓÇ║ POST /api/auth/login ΓÇ║ 
should login an existing user

    expect(received).toEqual(expected) // deep 
equality

    Expected: 200
    Received: 400

    [0m [90m 81 |[39m                     
password[33m:[39m [32m'password123'[39m
     [90m 82 |[39m                 })[33m;[39m
    [31m[1m>[22m[39m[90m 83 |[39m             
expect(res[33m.[39mstatusCode)[33m.[39mtoEqual(
[35m200[39m)[33m;[39m
     [90m    |[39m                                
    [31m[1m^[22m[39m
     [90m 84 |[39m             expect(res[33m.[3
9mbody)[33m.[39mtoHaveProperty([32m'token'[39m)
[33m;[39m
     [90m 85 |[39m             expect(res[33m.[3
9mbody[33m.[39muser)[33m.[39mtoHaveProperty([32
m'email'[39m[33m,[39m 
[32m'testauth@example.com'[39m)[33m;[39m
     [90m 86 |[39m             expect(res[33m.[3
9mheaders[[32m'set-cookie'[39m])[33m.[39mtoBeDef
ined()[33m;[39m [90m// Should set JWT httpOnly 
cookie[39m[0m

      at Object.<anonymous> 
(src/tests/auth.test.js:83:36)

  ΓùÅ Auth API Routes ΓÇ║ POST /api/auth/login ΓÇ║ 
should fail login with wrong password

    expect(received).toEqual(expected) // deep 
equality

    Expected: 401
    Received: 400

    [0m [90m 94 |[39m                     
password[33m:[39m [32m'wrongpassword'[39m
     [90m 95 |[39m                 })[33m;[39m
    [31m[1m>[22m[39m[90m 96 |[39m             
expect(res[33m.[39mstatusCode)[33m.[39mtoEqual(
[35m401[39m)[33m;[39m
     [90m    |[39m                                
    [31m[1m^[22m[39m
     [90m 97 |[39m             expect(res[33m.[3
9mbody[33m.[39merror)[33m.[39mtoEqual([32m'Inva
lid credentials'[39m)[33m;[39m
     [90m 98 |[39m         })[33m;[39m
     [90m 99 |[39m         [0m

      at Object.<anonymous> 
(src/tests/auth.test.js:96:36)

  ΓùÅ Auth API Routes ΓÇ║ POST /api/auth/login ΓÇ║ 
should fail login with non-existent email

    expect(received).toEqual(expected) // deep 
equality

    Expected: 401
    Received: 400

    [0m [90m 105 |[39m                     
password[33m:[39m [32m'password123'[39m
     [90m 106 |[39m                 })[33m;[39m
    [31m[1m>[22m[39m[90m 107 |[39m            
 expect(res[33m.[39mstatusCode)[33m.[39mtoEqual(
[35m401[39m)[33m;[39m
     [90m     |[39m                               
     [31m[1m^[22m[39m
     [90m 108 |[39m             expect(res[33m.[
39mbody[33m.[39merror)[33m.[39mtoEqual([32m'Inv
alid credentials'[39m)[33m;[39m
     [90m 109 |[39m         })[33m;[39m
     [90m 110 |[39m     })[33m;[39m[0m

      at Object.<anonymous> 
(src/tests/auth.test.js:107:36)

Test Suites: 1 failed, 1 total
Tests:       5 failed, 2 passed, 7 total
Snapshots:   0 total
Time:        1.814 s, estimated 3 s
Ran all test suites matching src/tests/auth.test.js.
Jest did not exit one second after the test run has 
completed.

'This usually means that there are asynchronous 
operations that weren't stopped in your tests. 
Consider running Jest with `--detectOpenHandles` to 
troubleshoot this issue.
